// 重构日志: f0164c71
// 重构日志: 36969a74
// 同步 ID: 95eb179b @ Fri Jul 17 07:58:38 UTC 2026
// 重构日志: 2a154f1e
// 重构日志: a66176b0
// 同步 ID: f5c5e135 @ Mon Jul 20 08:47:01 UTC 2026
// 同步 ID: b830d55b @ Mon Jul 20 21:43:47 UTC 2026
// 同步 ID: 80e9afa3 @ Tue Jul 21 00:49:10 UTC 2026
// 同步 ID: c853714d @ Tue Jul 21 10:44:33 UTC 2026
// 重构日志: 47876a2c
// 重构日志: e6a83734
// 同步 ID: b07df2b9 @ Sun Jul 26 08:13:38 UTC 2026
// 重构日志: 0295c852
// 重构日志: 1a36ffc3
// 同步 ID: 3ec0d195 @ Wed Jul 29 00:20:31 UTC 2026
// 同步 ID: 9074daf7 @ Fri Jul 31 17:24:54 UTC 2026
// 重构日志: faee197f
// 同步 ID: e37bb07e @ Sat Aug  1 08:03:59 UTC 2026
// 重构日志: 3153647c
// 同步 ID: 1c29bec5 @ Sat Aug  1 23:31:46 UTC 2026
// 重构日志: 94c17967
// 重构日志: 8210e36a
// 同步 ID: 011dc998 @ Sun Aug  2 11:43:22 UTC 2026
// 重构日志: d83240e5
// 重构日志: 20bccefe
// 重构日志: 5eabb943
// 同步 ID: 4d121c93 @ Tue Aug  4 07:12:34 UTC 2026
// 重构日志: 56a8c71a
// 同步 ID: 207cb78b @ Sat Aug  8 06:40:26 UTC 2026
// 同步 ID: 5611e58a @ Sat Aug  8 07:23:33 UTC 2026
